// Jest Snapshot v1, https://goo.gl/fbAQLP

exports[`testing HeroContainer component should match snapshot 1`] = `
<View
  style={
    Object {
      "backgroundColor": "#000814",
      "height": "100%",
      "width": "100%",
    }
  }
>
  <Image
    collapsable={false}
    nativeID="animatedComponent"
    source={
      Object {
        "uri": "",
      }
    }
    style={
      Object {
        "height": 300,
        "position": "absolute",
        "width": "100%",
      }
    }
  />
  <RCTScrollView
    onScroll={[Function]}
    scrollEventThrottle={1}
    testID="scroll-view-test-id"
  >
    <View>
      <BVLinearGradient
        colors={
          Array [
            0,
            4278192148,
          ]
        }
        endPoint={
          Object {
            "x": 0.5,
            "y": 1,
          }
        }
        locations={null}
        startPoint={
          Object {
            "x": 0.5,
            "y": 0,
          }
        }
        style={
          Object {
            "height": 300,
            "justifyContent": "flex-end",
            "paddingBottom": 15,
            "paddingHorizontal": 20,
            "width": "100%",
          }
        }
      >
        <Text
          style={
            Object {
              "color": "#fff",
              "fontFamily": "Nunito-Black",
              "fontSize": 30,
            }
          }
        >
          Hero title
        </Text>
        <Text
          style={
            Object {
              "color": "#fff",
              "fontFamily": "Nunito-Regular",
              "fontSize": 13,
            }
          }
        >
          Hero description
        </Text>
      </BVLinearGradient>
    </View>
  </RCTScrollView>
</View>
`;
